Archive member included to satisfy reference by file (symbol)

c:/st/stm32cubeide_1.7.0/stm32cubeide/plugins/com.st.stm32cube.ide.mcu.externaltools.gnu-tools-for-stm32.9-2020-q2-update.win32_2.0.0.202105311346/tools/bin/../lib/gcc/arm-none-eabi/9.3.1/../../../../arm-none-eabi/lib/thumb/v7e-m+fp/hard\libc_nano.a(lib_a-errno.o)
                              ./Core/Src/syscalls.o (__errno)
c:/st/stm32cubeide_1.7.0/stm32cubeide/plugins/com.st.stm32cube.ide.mcu.externaltools.gnu-tools-for-stm32.9-2020-q2-update.win32_2.0.0.202105311346/tools/bin/../lib/gcc/arm-none-eabi/9.3.1/../../../../arm-none-eabi/lib/thumb/v7e-m+fp/hard\libc_nano.a(lib_a-exit.o)
                              c:/st/stm32cubeide_1.7.0/stm32cubeide/plugins/com.st.stm32cube.ide.mcu.externaltools.gnu-tools-for-stm32.9-2020-q2-update.win32_2.0.0.202105311346/tools/bin/../lib/gcc/arm-none-eabi/9.3.1/../../../../arm-none-eabi/lib/thumb/v7e-m+fp/hard/crt0.o (exit)
c:/st/stm32cubeide_1.7.0/stm32cubeide/plugins/com.st.stm32cube.ide.mcu.externaltools.gnu-tools-for-stm32.9-2020-q2-update.win32_2.0.0.202105311346/tools/bin/../lib/gcc/arm-none-eabi/9.3.1/../../../../arm-none-eabi/lib/thumb/v7e-m+fp/hard\libc_nano.a(lib_a-impure.o)
                              c:/st/stm32cubeide_1.7.0/stm32cubeide/plugins/com.st.stm32cube.ide.mcu.externaltools.gnu-tools-for-stm32.9-2020-q2-update.win32_2.0.0.202105311346/tools/bin/../lib/gcc/arm-none-eabi/9.3.1/../../../../arm-none-eabi/lib/thumb/v7e-m+fp/hard\libc_nano.a(lib_a-exit.o) (_global_impure_ptr)
c:/st/stm32cubeide_1.7.0/stm32cubeide/plugins/com.st.stm32cube.ide.mcu.externaltools.gnu-tools-for-stm32.9-2020-q2-update.win32_2.0.0.202105311346/tools/bin/../lib/gcc/arm-none-eabi/9.3.1/../../../../arm-none-eabi/lib/thumb/v7e-m+fp/hard\libc_nano.a(lib_a-init.o)
                              c:/st/stm32cubeide_1.7.0/stm32cubeide/plugins/com.st.stm32cube.ide.mcu.externaltools.gnu-tools-for-stm32.9-2020-q2-update.win32_2.0.0.202105311346/tools/bin/../lib/gcc/arm-none-eabi/9.3.1/../../../../arm-none-eabi/lib/thumb/v7e-m+fp/hard/crt0.o (__libc_init_array)
c:/st/stm32cubeide_1.7.0/stm32cubeide/plugins/com.st.stm32cube.ide.mcu.externaltools.gnu-tools-for-stm32.9-2020-q2-update.win32_2.0.0.202105311346/tools/bin/../lib/gcc/arm-none-eabi/9.3.1/../../../../arm-none-eabi/lib/thumb/v7e-m+fp/hard\libc_nano.a(lib_a-memset.o)
                              c:/st/stm32cubeide_1.7.0/stm32cubeide/plugins/com.st.stm32cube.ide.mcu.externaltools.gnu-tools-for-stm32.9-2020-q2-update.win32_2.0.0.202105311346/tools/bin/../lib/gcc/arm-none-eabi/9.3.1/../../../../arm-none-eabi/lib/thumb/v7e-m+fp/hard/crt0.o (memset)

Allocating common symbols
Common symbol       size              file

uwTick              0x4               ./Drivers/STM32L4xx_HAL_Driver/Src/stm32l4xx_hal.o

Discarded input sections

 .text          0x0000000000000000        0x0 c:/st/stm32cubeide_1.7.0/stm32cubeide/plugins/com.st.stm32cube.ide.mcu.externaltools.gnu-tools-for-stm32.9-2020-q2-update.win32_2.0.0.202105311346/tools/bin/../lib/gcc/arm-none-eabi/9.3.1/thumb/v7e-m+fp/hard/crti.o
 .data          0x0000000000000000        0x0 c:/st/stm32cubeide_1.7.0/stm32cubeide/plugins/com.st.stm32cube.ide.mcu.externaltools.gnu-tools-for-stm32.9-2020-q2-update.win32_2.0.0.202105311346/tools/bin/../lib/gcc/arm-none-eabi/9.3.1/thumb/v7e-m+fp/hard/crti.o
 .bss           0x0000000000000000        0x0 c:/st/stm32cubeide_1.7.0/stm32cubeide/plugins/com.st.stm32cube.ide.mcu.externaltools.gnu-tools-for-stm32.9-2020-q2-update.win32_2.0.0.202105311346/tools/bin/../lib/gcc/arm-none-eabi/9.3.1/thumb/v7e-m+fp/hard/crti.o
 .data          0x0000000000000000        0x4 c:/st/stm32cubeide_1.7.0/stm32cubeide/plugins/com.st.stm32cube.ide.mcu.externaltools.gnu-tools-for-stm32.9-2020-q2-update.win32_2.0.0.202105311346/tools/bin/../lib/gcc/arm-none-eabi/9.3.1/thumb/v7e-m+fp/hard/crtbegin.o
 .text          0x0000000000000000       0x7c c:/st/stm32cubeide_1.7.0/stm32cubeide/plugins/com.st.stm32cube.ide.mcu.externaltools.gnu-tools-for-stm32.9-2020-q2-update.win32_2.0.0.202105311346/tools/bin/../lib/gcc/arm-none-eabi/9.3.1/../../../../arm-none-eabi/lib/thumb/v7e-m+fp/hard/crt0.o
 .data          0x0000000000000000        0x0 c:/st/stm32cubeide_1.7.0/stm32cubeide/plugins/com.st.stm32cube.ide.mcu.externaltools.gnu-tools-for-stm32.9-2020-q2-update.win32_2.0.0.202105311346/tools/bin/../lib/gcc/arm-none-eabi/9.3.1/../../../../arm-none-eabi/lib/thumb/v7e-m+fp/hard/crt0.o
 .bss           0x0000000000000000        0x0 c:/st/stm32cubeide_1.7.0/stm32cubeide/plugins/com.st.stm32cube.ide.mcu.externaltools.gnu-tools-for-stm32.9-2020-q2-update.win32_2.0.0.202105311346/tools/bin/../lib/gcc/arm-none-eabi/9.3.1/../../../../arm-none-eabi/lib/thumb/v7e-m+fp/hard/crt0.o
[...]
Memory Configuration

Name             Origin             Length             Attributes
RAM              0x0000000020000000 0x0000000000018000 xrw
RAM2             0x0000000010000000 0x0000000000008000 xrw
FLASH            0x0000000008000000 0x0000000000100000 xr
*default*        0x0000000000000000 0xffffffffffffffff

Linker script and memory map

LOAD c:/st/stm32cubeide_1.7.0/stm32cubeide/plugins/com.st.stm32cube.ide.mcu.externaltools.gnu-tools-for-stm32.9-2020-q2-update.win32_2.0.0.202105311346/tools/bin/../lib/gcc/arm-none-eabi/9.3.1/thumb/v7e-m+fp/hard/crti.o
LOAD c:/st/stm32cubeide_1.7.0/stm32cubeide/plugins/com.st.stm32cube.ide.mcu.externaltools.gnu-tools-for-stm32.9-2020-q2-update.win32_2.0.0.202105311346/tools/bin/../lib/gcc/arm-none-eabi/9.3.1/thumb/v7e-m+fp/hard/crtbegin.o
LOAD c:/st/stm32cubeide_1.7.0/stm32cubeide/plugins/com.st.stm32cube.ide.mcu.externaltools.gnu-tools-for-stm32.9-2020-q2-update.win32_2.0.0.202105311346/tools/bin/../lib/gcc/arm-none-eabi/9.3.1/../../../../arm-none-eabi/lib/thumb/v7e-m+fp/hard/crt0.o
LOAD ./Core/Src/BlinkingTrafficLight.o
LOAD ./Core/Src/Controller.o
LOAD ./Core/Src/ItalianTrafficLight.o
LOAD ./Core/Src/LightController.o
LOAD ./Core/Src/PhaseController.o
LOAD ./Core/Src/Timer.o
LOAD ./Core/Src/main.o
LOAD ./Core/Src/stm32l4xx_hal_msp.o
LOAD ./Core/Src/stm32l4xx_it.o
LOAD ./Core/Src/syscalls.o
LOAD ./Core/Src/sysmem.o
LOAD ./Core/Src/system_stm32l4xx.o
LOAD ./Core/Startup/startup_stm32l475vgtx.o
LOAD ./Drivers/STM32L4xx_HAL_Driver/Src/stm32l4xx_hal.o
LOAD ./Drivers/STM32L4xx_HAL_Driver/Src/stm32l4xx_hal_cortex.o
LOAD ./Drivers/STM32L4xx_HAL_Driver/Src/stm32l4xx_hal_dma.o
LOAD ./Drivers/STM32L4xx_HAL_Driver/Src/stm32l4xx_hal_dma_ex.o
LOAD ./Drivers/STM32L4xx_HAL_Driver/Src/stm32l4xx_hal_exti.o
LOAD ./Drivers/STM32L4xx_HAL_Driver/Src/stm32l4xx_hal_flash.o
LOAD ./Drivers/STM32L4xx_HAL_Driver/Src/stm32l4xx_hal_flash_ex.o
LOAD ./Drivers/STM32L4xx_HAL_Driver/Src/stm32l4xx_hal_flash_ramfunc.o
LOAD ./Drivers/STM32L4xx_HAL_Driver/Src/stm32l4xx_hal_gpio.o
LOAD ./Drivers/STM32L4xx_HAL_Driver/Src/stm32l4xx_hal_i2c.o
LOAD ./Drivers/STM32L4xx_HAL_Driver/Src/stm32l4xx_hal_i2c_ex.o
LOAD ./Drivers/STM32L4xx_HAL_Driver/Src/stm32l4xx_hal_pwr.o
LOAD ./Drivers/STM32L4xx_HAL_Driver/Src/stm32l4xx_hal_pwr_ex.o
LOAD ./Drivers/STM32L4xx_HAL_Driver/Src/stm32l4xx_hal_rcc.o
LOAD ./Drivers/STM32L4xx_HAL_Driver/Src/stm32l4xx_hal_rcc_ex.o
LOAD ./Drivers/STM32L4xx_HAL_Driver/Src/stm32l4xx_hal_tim.o
LOAD ./Drivers/STM32L4xx_HAL_Driver/Src/stm32l4xx_hal_tim_ex.o
START GROUP
LOAD c:/st/stm32cubeide_1.7.0/stm32cubeide/plugins/com.st.stm32cube.ide.mcu.externaltools.gnu-tools-for-stm32.9-2020-q2-update.win32_2.0.0.202105311346/tools/bin/../lib/gcc/arm-none-eabi/9.3.1/../../../../arm-none-eabi/lib/thumb/v7e-m+fp/hard\libstdc++_nano.a
LOAD c:/st/stm32cubeide_1.7.0/stm32cubeide/plugins/com.st.stm32cube.ide.mcu.externaltools.gnu-tools-for-stm32.9-2020-q2-update.win32_2.0.0.202105311346/tools/bin/../lib/gcc/arm-none-eabi/9.3.1/../../../../arm-none-eabi/lib/thumb/v7e-m+fp/hard\libsupc++_nano.a
END GROUP
LOAD c:/st/stm32cubeide_1.7.0/stm32cubeide/plugins/com.st.stm32cube.ide.mcu.externaltools.gnu-tools-for-stm32.9-2020-q2-update.win32_2.0.0.202105311346/tools/bin/../lib/gcc/arm-none-eabi/9.3.1/../../../../arm-none-eabi/lib/thumb/v7e-m+fp/hard\libstdc++_nano.a
LOAD c:/st/stm32cubeide_1.7.0/stm32cubeide/plugins/com.st.stm32cube.ide.mcu.externaltools.gnu-tools-for-stm32.9-2020-q2-update.win32_2.0.0.202105311346/tools/bin/../lib/gcc/arm-none-eabi/9.3.1/../../../../arm-none-eabi/lib/thumb/v7e-m+fp/hard\libm.a
LOAD c:/st/stm32cubeide_1.7.0/stm32cubeide/plugins/com.st.stm32cube.ide.mcu.externaltools.gnu-tools-for-stm32.9-2020-q2-update.win32_2.0.0.202105311346/tools/bin/../lib/gcc/arm-none-eabi/9.3.1/../../../../arm-none-eabi/lib/thumb/v7e-m+fp/hard\libc_nano.a
START GROUP
LOAD c:/st/stm32cubeide_1.7.0/stm32cubeide/plugins/com.st.stm32cube.ide.mcu.externaltools.gnu-tools-for-stm32.9-2020-q2-update.win32_2.0.0.202105311346/tools/bin/../lib/gcc/arm-none-eabi/9.3.1/thumb/v7e-m+fp/hard\libgcc.a
LOAD c:/st/stm32cubeide_1.7.0/stm32cubeide/plugins/com.st.stm32cube.ide.mcu.externaltools.gnu-tools-for-stm32.9-2020-q2-update.win32_2.0.0.202105311346/tools/bin/../lib/gcc/arm-none-eabi/9.3.1/../../../../arm-none-eabi/lib/thumb/v7e-m+fp/hard\libc_nano.a
END GROUP
START GROUP
LOAD c:/st/stm32cubeide_1.7.0/stm32cubeide/plugins/com.st.stm32cube.ide.mcu.externaltools.gnu-tools-for-stm32.9-2020-q2-update.win32_2.0.0.202105311346/tools/bin/../lib/gcc/arm-none-eabi/9.3.1/thumb/v7e-m+fp/hard\libgcc.a
LOAD c:/st/stm32cubeide_1.7.0/stm32cubeide/plugins/com.st.stm32cube.ide.mcu.externaltools.gnu-tools-for-stm32.9-2020-q2-update.win32_2.0.0.202105311346/tools/bin/../lib/gcc/arm-none-eabi/9.3.1/../../../../arm-none-eabi/lib/thumb/v7e-m+fp/hard\libc_nano.a
LOAD c:/st/stm32cubeide_1.7.0/stm32cubeide/plugins/com.st.stm32cube.ide.mcu.externaltools.gnu-tools-for-stm32.9-2020-q2-update.win32_2.0.0.202105311346/tools/bin/../lib/gcc/arm-none-eabi/9.3.1/../../../../arm-none-eabi/lib/thumb/v7e-m+fp/hard\libnosys.a
END GROUP
START GROUP
LOAD c:/st/stm32cubeide_1.7.0/stm32cubeide/plugins/com.st.stm32cube.ide.mcu.externaltools.gnu-tools-for-stm32.9-2020-q2-update.win32_2.0.0.202105311346/tools/bin/../lib/gcc/arm-none-eabi/9.3.1/thumb/v7e-m+fp/hard\libgcc.a
LOAD c:/st/stm32cubeide_1.7.0/stm32cubeide/plugins/com.st.stm32cube.ide.mcu.externaltools.gnu-tools-for-stm32.9-2020-q2-update.win32_2.0.0.202105311346/tools/bin/../lib/gcc/arm-none-eabi/9.3.1/../../../../arm-none-eabi/lib/thumb/v7e-m+fp/hard\libc_nano.a
LOAD c:/st/stm32cubeide_1.7.0/stm32cubeide/plugins/com.st.stm32cube.ide.mcu.externaltools.gnu-tools-for-stm32.9-2020-q2-update.win32_2.0.0.202105311346/tools/bin/../lib/gcc/arm-none-eabi/9.3.1/../../../../arm-none-eabi/lib/thumb/v7e-m+fp/hard\libnosys.a
END GROUP
LOAD c:/st/stm32cubeide_1.7.0/stm32cubeide/plugins/com.st.stm32cube.ide.mcu.externaltools.gnu-tools-for-stm32.9-2020-q2-update.win32_2.0.0.202105311346/tools/bin/../lib/gcc/arm-none-eabi/9.3.1/thumb/v7e-m+fp/hard/crtend.o
LOAD c:/st/stm32cubeide_1.7.0/stm32cubeide/plugins/com.st.stm32cube.ide.mcu.externaltools.gnu-tools-for-stm32.9-2020-q2-update.win32_2.0.0.202105311346/tools/bin/../lib/gcc/arm-none-eabi/9.3.1/thumb/v7e-m+fp/hard/crtn.o
                0x0000000020018000                _estack = (ORIGIN (RAM) + LENGTH (RAM))
                0x0000000000000200                _Min_Heap_Size = 0x200
                0x0000000000000400                _Min_Stack_Size = 0x400

.isr_vector     0x0000000008000000      0x188
                0x0000000008000000                . = ALIGN (0x4)
 *(.isr_vector)
 .isr_vector    0x0000000008000000      0x188 ./Core/Startup/startup_stm32l475vgtx.o
                0x0000000008000000                g_pfnVectors
                0x0000000008000188                . = ALIGN (0x4)

.text           0x0000000008000188     0x1c00
                0x0000000008000188                . = ALIGN (0x4)
 *(.text)
 .text          0x0000000008000188       0x40 c:/st/stm32cubeide_1.7.0/stm32cubeide/plugins/com.st.stm32cube.ide.mcu.externaltools.gnu-tools-for-stm32.9-2020-q2-update.win32_2.0.0.202105311346/tools/bin/../lib/gcc/arm-none-eabi/9.3.1/thumb/v7e-m+fp/hard/crtbegin.o
 *(.text*)
 .text._ZN20BlinkingTrafficLightC2EP15LightControllerP5Timer
                0x00000000080001c8       0x26 ./Core/Src/BlinkingTrafficLight.o
                0x00000000080001c8                BlinkingTrafficLight::BlinkingTrafficLight(LightController*, Timer*)
                0x00000000080001c8                BlinkingTrafficLight::BlinkingTrafficLight(LightController*, Timer*)
 .text._ZN20BlinkingTrafficLight9setStatusEi
                0x00000000080001ee       0x1c ./Core/Src/BlinkingTrafficLight.o
                0x00000000080001ee                BlinkingTrafficLight::setStatus(int)
 .text._ZN20BlinkingTrafficLight10startCycleEv
                0x000000000800020a       0x8a ./Core/Src/BlinkingTrafficLight.o
                0x000000000800020a                BlinkingTrafficLight::startCycle()
 .text._ZN10ControllerC2EP19ItalianTrafficLightP20BlinkingTrafficLight
                0x0000000008000294       0x26 ./Core/Src/Controller.o
                0x0000000008000294                Controller::Controller(ItalianTrafficLight*, BlinkingTrafficLight*)
                0x0000000008000294                Controller::Controller(ItalianTrafficLight*, BlinkingTrafficLight*)
 .text._ZN10Controller5startEb
                0x00000000080002ba       0x30 ./Core/Src/Controller.o
                0x00000000080002ba                Controller::start(bool)
 .text._ZN10Controller3dayEv
                0x00000000080002ea       0x26 ./Core/Src/Controller.o
                0x00000000080002ea                Controller::day()
 .text._ZN10Controller5nightEv
                0x0000000008000310       0x26 ./Core/Src/Controller.o
                0x0000000008000310                Controller::night()
 .text._ZN19ItalianTrafficLightC2EP15LightControllerP5Timer
                0x0000000008000336       0x26 ./Core/Src/ItalianTrafficLight.o
                0x0000000008000336                ItalianTrafficLight::ItalianTrafficLight(LightController*, Timer*)
                0x0000000008000336                ItalianTrafficLight::ItalianTrafficLight(LightController*, Timer*)
 .text._ZN19ItalianTrafficLight9setStatusEi
                0x000000000800035c       0x1c ./Core/Src/ItalianTrafficLight.o
                0x000000000800035c                ItalianTrafficLight::setStatus(int)
 .text._ZN19ItalianTrafficLight10startCycleEv
                0x0000000008000378       0xca ./Core/Src/ItalianTrafficLight.o
                0x0000000008000378                ItalianTrafficLight::startCycle()
 .text._ZN15LightControllerC2Ev
                0x0000000008000442       0x28 ./Core/Src/LightController.o
                0x0000000008000442                LightController::LightController()
                0x0000000008000442                LightController::LightController()
 .text._ZN15LightController5RedONEv
                0x000000000800046a       0x52 ./Core/Src/LightController.o
                0x000000000800046a                LightController::RedON()
 .text._ZN15LightController8YellowONEv
                0x00000000080004bc       0x52 ./Core/Src/LightController.o
                0x00000000080004bc                LightController::YellowON()
 .text._ZN15LightController7GreenONEv
                0x000000000800050e       0x52 ./Core/Src/LightController.o
                0x000000000800050e                LightController::GreenON()
 .text._ZN15LightController7TurnOFFEv
                0x0000000008000560       0x52 ./Core/Src/LightController.o
                0x0000000008000560                LightController::TurnOFF()
 .text._ZN15PhaseControllerC2EPb
                0x00000000080005b2       0x1e ./Core/Src/PhaseController.o
                0x00000000080005b2                PhaseController::PhaseController(bool*)
                0x00000000080005b2                PhaseController::PhaseController(bool*)
 .text._ZN15PhaseController11checkButtonEv
                0x00000000080005d0       0x34 ./Core/Src/PhaseController.o
                0x00000000080005d0                PhaseController::checkButton()
 .text._ZN15PhaseController8setPhaseEv
                0x0000000008000604       0x26 ./Core/Src/PhaseController.o
                0x0000000008000604                PhaseController::setPhase()
 .text._ZN5TimerC2Ev
                0x000000000800062a       0x16 ./Core/Src/Timer.o
                0x000000000800062a                Timer::Timer()
                0x000000000800062a                Timer::Timer()
 .text._ZN5Timer6millisEv
                0x0000000008000640       0x1c ./Core/Src/Timer.o
                0x0000000008000640                Timer::millis()
 .text._ZN5Timer4initEv
                0x000000000800065c       0x1c ./Core/Src/Timer.o
                0x000000000800065c                Timer::init()
 .text._ZN5Timer4waitEm
                0x0000000008000678       0x36 ./Core/Src/Timer.o
                0x0000000008000678                Timer::wait(unsigned long)
 .text.main     0x00000000080006ae       0xae ./Core/Src/main.o
                0x00000000080006ae                main
 .text._Z18SystemClock_Configv
                0x000000000800075c       0xe4 ./Core/Src/main.o
                0x000000000800075c                SystemClock_Config()
 .text._ZL12MX_GPIO_Initv
                0x0000000008000840       0xa0 ./Core/Src/main.o
 .text.Error_Handler
                0x00000000080008e0        0xa ./Core/Src/main.o
                0x00000000080008e0                Error_Handler
 *fill*         0x00000000080008ea        0x2 
 .text.HAL_MspInit
                0x00000000080008ec       0x48 ./Core/Src/stm32l4xx_hal_msp.o
                0x00000000080008ec                HAL_MspInit
 .text.NMI_Handler
                0x0000000008000934        0x6 ./Core/Src/stm32l4xx_it.o
                0x0000000008000934                NMI_Handler
 .text.HardFault_Handler
                0x000000000800093a        0x6 ./Core/Src/stm32l4xx_it.o
                0x000000000800093a                HardFault_Handler
 .text.MemManage_Handler
                0x0000000008000940        0x6 ./Core/Src/stm32l4xx_it.o
                0x0000000008000940                MemManage_Handler
 .text.BusFault_Handler
                0x0000000008000946        0x6 ./Core/Src/stm32l4xx_it.o
                0x0000000008000946                BusFault_Handler
 .text.UsageFault_Handler
                0x000000000800094c        0x6 ./Core/Src/stm32l4xx_it.o
                0x000000000800094c                UsageFault_Handler
 .text.SVC_Handler
                0x0000000008000952        0xe ./Core/Src/stm32l4xx_it.o
                0x0000000008000952                SVC_Handler
 .text.DebugMon_Handler
                0x0000000008000960        0xe ./Core/Src/stm32l4xx_it.o
                0x0000000008000960                DebugMon_Handler
 .text.PendSV_Handler
                0x000000000800096e        0xe ./Core/Src/stm32l4xx_it.o
                0x000000000800096e                PendSV_Handler
 .text.SysTick_Handler
                0x000000000800097c        0xc ./Core/Src/stm32l4xx_it.o
                0x000000000800097c                SysTick_Handler
 .text.SystemInit
                0x0000000008000988       0x64 ./Core/Src/system_stm32l4xx.o
                0x0000000008000988                SystemInit
 .text.Reset_Handler
                0x00000000080009ec       0x50 ./Core/Startup/startup_stm32l475vgtx.o
                0x00000000080009ec                Reset_Handler
 .text.Default_Handler
                0x0000000008000a3c        0x2 ./Core/Startup/startup_stm32l475vgtx.o
                0x0000000008000a3c                RTC_Alarm_IRQHandler
                0x0000000008000a3c                EXTI2_IRQHandler
                0x0000000008000a3c                TIM8_TRG_COM_IRQHandler
                0x0000000008000a3c                TIM8_CC_IRQHandler
                0x0000000008000a3c                TIM1_CC_IRQHandler
                0x0000000008000a3c                TSC_IRQHandler
                0x0000000008000a3c                TAMP_STAMP_IRQHandler
                0x0000000008000a3c                EXTI3_IRQHandler
                0x0000000008000a3c                LPTIM2_IRQHandler
                0x0000000008000a3c                DFSDM1_FLT1_IRQHandler
                0x0000000008000a3c                I2C3_ER_IRQHandler
                0x0000000008000a3c                DFSDM1_FLT2_IRQHandler
                0x0000000008000a3c                EXTI0_IRQHandler
                0x0000000008000a3c                I2C2_EV_IRQHandler
                0x0000000008000a3c                CAN1_RX0_IRQHandler
                0x0000000008000a3c                FPU_IRQHandler
                0x0000000008000a3c                TIM1_UP_TIM16_IRQHandler
                0x0000000008000a3c                ADC1_2_IRQHandler
                0x0000000008000a3c                SPI1_IRQHandler
                0x0000000008000a3c                TIM6_DAC_IRQHandler
                0x0000000008000a3c                TIM8_UP_IRQHandler
                0x0000000008000a3c                DMA2_Channel2_IRQHandler
                0x0000000008000a3c                DMA1_Channel4_IRQHandler
                0x0000000008000a3c                SAI2_IRQHandler
                0x0000000008000a3c                DFSDM1_FLT3_IRQHandler
                0x0000000008000a3c                USART3_IRQHandler
                0x0000000008000a3c                DMA1_Channel7_IRQHandler
                0x0000000008000a3c                CAN1_RX1_IRQHandler
                0x0000000008000a3c                UART5_IRQHandler
                0x0000000008000a3c                ADC3_IRQHandler
                0x0000000008000a3c                TIM4_IRQHandler
                0x0000000008000a3c                DMA2_Channel1_IRQHandler
                0x0000000008000a3c                QUADSPI_IRQHandler
                0x0000000008000a3c                I2C1_EV_IRQHandler
                0x0000000008000a3c                DMA1_Channel6_IRQHandler
                0x0000000008000a3c                UART4_IRQHandler
                0x0000000008000a3c                DMA2_Channel4_IRQHandler
                0x0000000008000a3c                TIM3_IRQHandler
                0x0000000008000a3c                RCC_IRQHandler
                0x0000000008000a3c                DMA1_Channel1_IRQHandler
                0x0000000008000a3c                Default_Handler
                0x0000000008000a3c                DMA2_Channel7_IRQHandler
                0x0000000008000a3c                EXTI15_10_IRQHandler
                0x0000000008000a3c                TIM7_IRQHandler
                0x0000000008000a3c                SDMMC1_IRQHandler
                0x0000000008000a3c                TIM5_IRQHandler
                0x0000000008000a3c                I2C3_EV_IRQHandler
                0x0000000008000a3c                EXTI9_5_IRQHandler
                0x0000000008000a3c                RTC_WKUP_IRQHandler
                0x0000000008000a3c                PVD_PVM_IRQHandler
                0x0000000008000a3c                SPI2_IRQHandler
                0x0000000008000a3c                CAN1_TX_IRQHandler
                0x0000000008000a3c                DMA2_Channel5_IRQHandler
                0x0000000008000a3c                DMA1_Channel5_IRQHandler
                0x0000000008000a3c                EXTI4_IRQHandler
                0x0000000008000a3c                RNG_IRQHandler
                0x0000000008000a3c                TIM1_TRG_COM_TIM17_IRQHandler
                0x0000000008000a3c                DMA1_Channel3_IRQHandler
                0x0000000008000a3c                COMP_IRQHandler
                0x0000000008000a3c                WWDG_IRQHandler
                0x0000000008000a3c                LPUART1_IRQHandler
                0x0000000008000a3c                DMA2_Channel6_IRQHandler
                0x0000000008000a3c                TIM2_IRQHandler
                0x0000000008000a3c                EXTI1_IRQHandler
                0x0000000008000a3c                USART2_IRQHandler
                0x0000000008000a3c                DFSDM1_FLT0_IRQHandler
                0x0000000008000a3c                I2C2_ER_IRQHandler
                0x0000000008000a3c                DMA1_Channel2_IRQHandler
                0x0000000008000a3c                TIM8_BRK_IRQHandler
                0x0000000008000a3c                CAN1_SCE_IRQHandler
                0x0000000008000a3c                FLASH_IRQHandler
                0x0000000008000a3c                USART1_IRQHandler
                0x0000000008000a3c                OTG_FS_IRQHandler
                0x0000000008000a3c                SPI3_IRQHandler
                0x0000000008000a3c                I2C1_ER_IRQHandler
                0x0000000008000a3c                FMC_IRQHandler
                0x0000000008000a3c                SWPMI1_IRQHandler
                0x0000000008000a3c                LPTIM1_IRQHandler
                0x0000000008000a3c                SAI1_IRQHandler
                0x0000000008000a3c                DMA2_Channel3_IRQHandler
                0x0000000008000a3c                TIM1_BRK_TIM15_IRQHandler
 .text.HAL_Init
                0x0000000008000a3e       0x30 ./Drivers/STM32L4xx_HAL_Driver/Src/stm32l4xx_hal.o
                0x0000000008000a3e                HAL_Init
 *fill*         0x0000000008000a6e        0x2 
 .text.HAL_InitTick
                0x0000000008000a70       0x78 ./Drivers/STM32L4xx_HAL_Driver/Src/stm32l4xx_hal.o
                0x0000000008000a70                HAL_InitTick
 .text.HAL_IncTick
                0x0000000008000ae8       0x28 ./Drivers/STM32L4xx_HAL_Driver/Src/stm32l4xx_hal.o
                0x0000000008000ae8                HAL_IncTick
 .text.HAL_GetTick
                0x0000000008000b10       0x18 ./Drivers/STM32L4xx_HAL_Driver/Src/stm32l4xx_hal.o
                0x0000000008000b10                HAL_GetTick
 .text.__NVIC_SetPriorityGrouping
                0x0000000008000b28       0x48 ./Drivers/STM32L4xx_HAL_Driver/Src/stm32l4xx_hal_cortex.o
 .text.__NVIC_GetPriorityGrouping
                0x0000000008000b70       0x1c ./Drivers/STM32L4xx_HAL_Driver/Src/stm32l4xx_hal_cortex.o
 .text.__NVIC_SetPriority
                0x0000000008000b8c       0x54 ./Drivers/STM32L4xx_HAL_Driver/Src/stm32l4xx_hal_cortex.o
 .text.NVIC_EncodePriority
                0x0000000008000be0       0x66 ./Drivers/STM32L4xx_HAL_Driver/Src/stm32l4xx_hal_cortex.o
 *fill*         0x0000000008000c46        0x2 
 .text.SysTick_Config
                0x0000000008000c48       0x44 ./Drivers/STM32L4xx_HAL_Driver/Src/stm32l4xx_hal_cortex.o
 .text.HAL_NVIC_SetPriorityGrouping
                0x0000000008000c8c       0x16 ./Drivers/STM32L4xx_HAL_Driver/Src/stm32l4xx_hal_cortex.o
                0x0000000008000c8c                HAL_NVIC_SetPriorityGrouping
 .text.HAL_NVIC_SetPriority
                0x0000000008000ca2       0x38 ./Drivers/STM32L4xx_HAL_Driver/Src/stm32l4xx_hal_cortex.o
                0x0000000008000ca2                HAL_NVIC_SetPriority
 .text.HAL_SYSTICK_Config
                0x0000000008000cda       0x18 ./Drivers/STM32L4xx_HAL_Driver/Src/stm32l4xx_hal_cortex.o
                0x0000000008000cda                HAL_SYSTICK_Config
 *fill*         0x0000000008000cf2        0x2 
 .text.HAL_GPIO_Init
                0x0000000008000cf4      0x354 ./Drivers/STM32L4xx_HAL_Driver/Src/stm32l4xx_hal_gpio.o
                0x0000000008000cf4                HAL_GPIO_Init
 .text.HAL_GPIO_ReadPin
                0x0000000008001048       0x30 ./Drivers/STM32L4xx_HAL_Driver/Src/stm32l4xx_hal_gpio.o
                0x0000000008001048                HAL_GPIO_ReadPin
 .text.HAL_GPIO_WritePin
                0x0000000008001078       0x30 ./Drivers/STM32L4xx_HAL_Driver/Src/stm32l4xx_hal_gpio.o
                0x0000000008001078                HAL_GPIO_WritePin
 .text.HAL_PWR_EnableBkUpAccess
                0x00000000080010a8       0x20 ./Drivers/STM32L4xx_HAL_Driver/Src/stm32l4xx_hal_pwr.o
                0x00000000080010a8                HAL_PWR_EnableBkUpAccess
 .text.HAL_PWREx_GetVoltageRange
                0x00000000080010c8       0x1c ./Drivers/STM32L4xx_HAL_Driver/Src/stm32l4xx_hal_pwr_ex.o
                0x00000000080010c8                HAL_PWREx_GetVoltageRange
 .text.HAL_PWREx_ControlVoltageScaling
                0x00000000080010e4       0xac ./Drivers/STM32L4xx_HAL_Driver/Src/stm32l4xx_hal_pwr_ex.o
                0x00000000080010e4                HAL_PWREx_ControlVoltageScaling
 .text.HAL_RCC_OscConfig
                0x0000000008001190      0x7cc ./Drivers/STM32L4xx_HAL_Driver/Src/stm32l4xx_hal_rcc.o
                0x0000000008001190                HAL_RCC_OscConfig
 .text.HAL_RCC_ClockConfig
                0x000000000800195c      0x1c4 ./Drivers/STM32L4xx_HAL_Driver/Src/stm32l4xx_hal_rcc.o
                0x000000000800195c                HAL_RCC_ClockConfig
 .text.HAL_RCC_GetSysClockFreq
                0x0000000008001b20      0x118 ./Drivers/STM32L4xx_HAL_Driver/Src/stm32l4xx_hal_rcc.o
                0x0000000008001b20                HAL_RCC_GetSysClockFreq
 .text.RCC_SetFlashLatencyFromMSIRange
                0x0000000008001c38       0xc0 ./Drivers/STM32L4xx_HAL_Driver/Src/stm32l4xx_hal_rcc.o
 .text.HAL_RCCEx_EnableMSIPLLMode
                0x0000000008001cf8       0x20 ./Drivers/STM32L4xx_HAL_Driver/Src/stm32l4xx_hal_rcc_ex.o
                0x0000000008001cf8                HAL_RCCEx_EnableMSIPLLMode
 .text.__libc_init_array
                0x0000000008001d18       0x48 c:/st/stm32cubeide_1.7.0/stm32cubeide/plugins/com.st.stm32cube.ide.mcu.externaltools.gnu-tools-for-stm32.9-2020-q2-update.win32_2.0.0.202105311346/tools/bin/../lib/gcc/arm-none-eabi/9.3.1/../../../../arm-none-eabi/lib/thumb/v7e-m+fp/hard\libc_nano.a(lib_a-init.o)
                0x0000000008001d18                __libc_init_array
 .text.memset   0x0000000008001d60       0x10 c:/st/stm32cubeide_1.7.0/stm32cubeide/plugins/com.st.stm32cube.ide.mcu.externaltools.gnu-tools-for-stm32.9-2020-q2-update.win32_2.0.0.202105311346/tools/bin/../lib/gcc/arm-none-eabi/9.3.1/../../../../arm-none-eabi/lib/thumb/v7e-m+fp/hard\libc_nano.a(lib_a-memset.o)
                0x0000000008001d60                memset
 *(.glue_7)
 .glue_7        0x0000000008001d70        0x0 linker stubs
 *(.glue_7t)
 .glue_7t       0x0000000008001d70        0x0 linker stubs
 *(.eh_frame)
 .eh_frame      0x0000000008001d70        0x0 c:/st/stm32cubeide_1.7.0/stm32cubeide/plugins/com.st.stm32cube.ide.mcu.externaltools.gnu-tools-for-stm32.9-2020-q2-update.win32_2.0.0.202105311346/tools/bin/../lib/gcc/arm-none-eabi/9.3.1/thumb/v7e-m+fp/hard/crtbegin.o
 *(.init)
 .init          0x0000000008001d70        0x4 c:/st/stm32cubeide_1.7.0/stm32cubeide/plugins/com.st.stm32cube.ide.mcu.externaltools.gnu-tools-for-stm32.9-2020-q2-update.win32_2.0.0.202105311346/tools/bin/../lib/gcc/arm-none-eabi/9.3.1/thumb/v7e-m+fp/hard/crti.o
                0x0000000008001d70                _init
 .init          0x0000000008001d74        0x8 c:/st/stm32cubeide_1.7.0/stm32cubeide/plugins/com.st.stm32cube.ide.mcu.externaltools.gnu-tools-for-stm32.9-2020-q2-update.win32_2.0.0.202105311346/tools/bin/../lib/gcc/arm-none-eabi/9.3.1/thumb/v7e-m+fp/hard/crtn.o
 *(.fini)
 .fini          0x0000000008001d7c        0x4 c:/st/stm32cubeide_1.7.0/stm32cubeide/plugins/com.st.stm32cube.ide.mcu.externaltools.gnu-tools-for-stm32.9-2020-q2-update.win32_2.0.0.202105311346/tools/bin/../lib/gcc/arm-none-eabi/9.3.1/thumb/v7e-m+fp/hard/crti.o
                0x0000000008001d7c                _fini
 .fini          0x0000000008001d80        0x8 c:/st/stm32cubeide_1.7.0/stm32cubeide/plugins/com.st.stm32cube.ide.mcu.externaltools.gnu-tools-for-stm32.9-2020-q2-update.win32_2.0.0.202105311346/tools/bin/../lib/gcc/arm-none-eabi/9.3.1/thumb/v7e-m+fp/hard/crtn.o
                0x0000000008001d88                . = ALIGN (0x4)
                0x0000000008001d88                _etext = .

.vfp11_veneer   0x0000000008001d88        0x0
 .vfp11_veneer  0x0000000008001d88        0x0 linker stubs

.v4_bx          0x0000000008001d88        0x0
 .v4_bx         0x0000000008001d88        0x0 linker stubs

.iplt           0x0000000008001d88        0x0
 .iplt          0x0000000008001d88        0x0 c:/st/stm32cubeide_1.7.0/stm32cubeide/plugins/com.st.stm32cube.ide.mcu.externaltools.gnu-tools-for-stm32.9-2020-q2-update.win32_2.0.0.202105311346/tools/bin/../lib/gcc/arm-none-eabi/9.3.1/thumb/v7e-m+fp/hard/crtbegin.o

.rodata         0x0000000008001d88       0x40
                0x0000000008001d88                . = ALIGN (0x4)
 *(.rodata)
 *(.rodata*)
 .rodata.AHBPrescTable
                0x0000000008001d88       0x10 ./Core/Src/system_stm32l4xx.o
                0x0000000008001d88                AHBPrescTable
 .rodata.MSIRangeTable
                0x0000000008001d98       0x30 ./Core/Src/system_stm32l4xx.o
                0x0000000008001d98                MSIRangeTable
                0x0000000008001dc8                . = ALIGN (0x4)

.rel.dyn        0x0000000008001dc8        0x0
 .rel.iplt      0x0000000008001dc8        0x0 c:/st/stm32cubeide_1.7.0/stm32cubeide/plugins/com.st.stm32cube.ide.mcu.externaltools.gnu-tools-for-stm32.9-2020-q2-update.win32_2.0.0.202105311346/tools/bin/../lib/gcc/arm-none-eabi/9.3.1/thumb/v7e-m+fp/hard/crtbegin.o

.ARM.extab      0x0000000008001dc8        0x0
                0x0000000008001dc8                . = ALIGN (0x4)
 *(.ARM.extab* .gnu.linkonce.armextab.*)
                0x0000000008001dc8                . = ALIGN (0x4)

.ARM            0x0000000008001dc8        0x0
                0x0000000008001dc8                . = ALIGN (0x4)
                0x0000000008001dc8                __exidx_start = .
 *(.ARM.exidx*)
                0x0000000008001dc8                __exidx_end = .
                0x0000000008001dc8                . = ALIGN (0x4)

.preinit_array  0x0000000008001dc8        0x0
                0x0000000008001dc8                . = ALIGN (0x4)
                0x0000000008001dc8                PROVIDE (__preinit_array_start = .)
 *(.preinit_array*)
                0x0000000008001dc8                PROVIDE (__preinit_array_end = .)
                0x0000000008001dc8                . = ALIGN (0x4)

.init_array     0x0000000008001dc8        0x4
                0x0000000008001dc8                . = ALIGN (0x4)
                0x0000000008001dc8                PROVIDE (__init_array_start = .)
 *(SORT_BY_NAME(.init_array.*))
 *(.init_array*)
 .init_array    0x0000000008001dc8        0x4 c:/st/stm32cubeide_1.7.0/stm32cubeide/plugins/com.st.stm32cube.ide.mcu.externaltools.gnu-tools-for-stm32.9-2020-q2-update.win32_2.0.0.202105311346/tools/bin/../lib/gcc/arm-none-eabi/9.3.1/thumb/v7e-m+fp/hard/crtbegin.o
                0x0000000008001dcc                PROVIDE (__init_array_end = .)
                0x0000000008001dcc                . = ALIGN (0x4)

.fini_array     0x0000000008001dcc        0x4
                0x0000000008001dcc                . = ALIGN (0x4)
                [!provide]                        PROVIDE (__fini_array_start = .)
 *(SORT_BY_NAME(.fini_array.*))
 *(.fini_array*)
 .fini_array    0x0000000008001dcc        0x4 c:/st/stm32cubeide_1.7.0/stm32cubeide/plugins/com.st.stm32cube.ide.mcu.externaltools.gnu-tools-for-stm32.9-2020-q2-update.win32_2.0.0.202105311346/tools/bin/../lib/gcc/arm-none-eabi/9.3.1/thumb/v7e-m+fp/hard/crtbegin.o
                [!provide]                        PROVIDE (__fini_array_end = .)
                0x0000000008001dd0                . = ALIGN (0x4)
                0x0000000008001dd0                _sidata = LOADADDR (.data)

.data           0x0000000020000000        0xc load address 0x0000000008001dd0
                0x0000000020000000                . = ALIGN (0x4)
                0x0000000020000000                _sdata = .
 *(.data)
 *(.data*)
 .data.SystemCoreClock
                0x0000000020000000        0x4 ./Core/Src/system_stm32l4xx.o
                0x0000000020000000                SystemCoreClock
 .data.uwTickPrio
                0x0000000020000004        0x4 ./Drivers/STM32L4xx_HAL_Driver/Src/stm32l4xx_hal.o
                0x0000000020000004                uwTickPrio
 .data.uwTickFreq
                0x0000000020000008        0x1 ./Drivers/STM32L4xx_HAL_Driver/Src/stm32l4xx_hal.o
                0x0000000020000008                uwTickFreq
 *(.RamFunc)
 *(.RamFunc*)
                0x000000002000000c                . = ALIGN (0x4)
 *fill*         0x0000000020000009        0x3 
                0x000000002000000c                _edata = .

.igot.plt       0x000000002000000c        0x0 load address 0x0000000008001ddc
 .igot.plt      0x000000002000000c        0x0 c:/st/stm32cubeide_1.7.0/stm32cubeide/plugins/com.st.stm32cube.ide.mcu.externaltools.gnu-tools-for-stm32.9-2020-q2-update.win32_2.0.0.202105311346/tools/bin/../lib/gcc/arm-none-eabi/9.3.1/thumb/v7e-m+fp/hard/crtbegin.o
                0x000000002000000c                . = ALIGN (0x4)

.bss            0x000000002000000c       0x20 load address 0x0000000008001ddc
                0x000000002000000c                _sbss = .
                0x000000002000000c                __bss_start__ = _sbss
 *(.bss)
 .bss           0x000000002000000c       0x1c c:/st/stm32cubeide_1.7.0/stm32cubeide/plugins/com.st.stm32cube.ide.mcu.externaltools.gnu-tools-for-stm32.9-2020-q2-update.win32_2.0.0.202105311346/tools/bin/../lib/gcc/arm-none-eabi/9.3.1/thumb/v7e-m+fp/hard/crtbegin.o
 *(.bss*)
 *(COMMON)
 COMMON         0x0000000020000028        0x4 ./Drivers/STM32L4xx_HAL_Driver/Src/stm32l4xx_hal.o
                0x0000000020000028                uwTick
                0x000000002000002c                . = ALIGN (0x4)
                0x000000002000002c                _ebss = .
                0x000000002000002c                __bss_end__ = _ebss

._user_heap_stack
                0x000000002000002c      0x604 load address 0x0000000008001ddc
                0x0000000020000030                . = ALIGN (0x8)
 *fill*         0x000000002000002c        0x4 
                [!provide]                        PROVIDE (end = .)
                0x0000000020000030                PROVIDE (_end = .)
                0x0000000020000230                . = (. + _Min_Heap_Size)
 *fill*         0x0000000020000030      0x200 
                0x0000000020000630                . = (. + _Min_Stack_Size)
 *fill*         0x0000000020000230      0x400 
                0x0000000020000630                . = ALIGN (0x8)

/DISCARD/
 libc.a(*)
 libm.a(*)
 libgcc.a(*)

.ARM.attributes
                0x0000000000000000       0x30
 *(.ARM.attributes)
 .ARM.attributes
                0x0000000000000000       0x1e c:/st/stm32cubeide_1.7.0/stm32cubeide/plugins/com.st.stm32cube.ide.mcu.externaltools.gnu-tools-for-stm32.9-2020-q2-update.win32_2.0.0.202105311346/tools/bin/../lib/gcc/arm-none-eabi/9.3.1/thumb/v7e-m+fp/hard/crti.o
 .ARM.attributes
                0x000000000000001e       0x34 c:/st/stm32cubeide_1.7.0/stm32cubeide/plugins/com.st.stm32cube.ide.mcu.externaltools.gnu-tools-for-stm32.9-2020-q2-update.win32_2.0.0.202105311346/tools/bin/../lib/gcc/arm-none-eabi/9.3.1/thumb/v7e-m+fp/hard/crtbegin.o
 .ARM.attributes
                0x0000000000000052       0x34 ./Core/Src/BlinkingTrafficLight.o
 .ARM.attributes
                0x0000000000000086       0x34 ./Core/Src/Controller.o
 .ARM.attributes
                0x00000000000000ba       0x34 ./Core/Src/ItalianTrafficLight.o
 .ARM.attributes
                0x00000000000000ee       0x34 ./Core/Src/LightController.o
 .ARM.attributes
                0x0000000000000122       0x34 ./Core/Src/PhaseController.o
 .ARM.attributes
                0x0000000000000156       0x34 ./Core/Src/Timer.o
 .ARM.attributes
                0x000000000000018a       0x34 ./Core/Src/main.o
 .ARM.attributes
                0x00000000000001be       0x34 ./Core/Src/stm32l4xx_hal_msp.o
 .ARM.attributes
                0x00000000000001f2       0x34 ./Core/Src/stm32l4xx_it.o
 .ARM.attributes
                0x0000000000000226       0x34 ./Core/Src/system_stm32l4xx.o
 .ARM.attributes
                0x000000000000025a       0x21 ./Core/Startup/startup_stm32l475vgtx.o
 .ARM.attributes
                0x000000000000027b       0x34 ./Drivers/STM32L4xx_HAL_Driver/Src/stm32l4xx_hal.o
 .ARM.attributes
                0x00000000000002af       0x34 ./Drivers/STM32L4xx_HAL_Driver/Src/stm32l4xx_hal_cortex.o
 .ARM.attributes
                0x00000000000002e3       0x34 ./Drivers/STM32L4xx_HAL_Driver/Src/stm32l4xx_hal_gpio.o
 .ARM.attributes
                0x0000000000000317       0x34 ./Drivers/STM32L4xx_HAL_Driver/Src/stm32l4xx_hal_pwr.o
 .ARM.attributes
                0x000000000000034b       0x34 ./Drivers/STM32L4xx_HAL_Driver/Src/stm32l4xx_hal_pwr_ex.o
 .ARM.attributes
                0x000000000000037f       0x34 ./Drivers/STM32L4xx_HAL_Driver/Src/stm32l4xx_hal_rcc.o
 .ARM.attributes
                0x00000000000003b3       0x34 ./Drivers/STM32L4xx_HAL_Driver/Src/stm32l4xx_hal_rcc_ex.o
 .ARM.attributes
                0x00000000000003e7       0x34 c:/st/stm32cubeide_1.7.0/stm32cubeide/plugins/com.st.stm32cube.ide.mcu.externaltools.gnu-tools-for-stm32.9-2020-q2-update.win32_2.0.0.202105311346/tools/bin/../lib/gcc/arm-none-eabi/9.3.1/../../../../arm-none-eabi/lib/thumb/v7e-m+fp/hard\libc_nano.a(lib_a-init.o)
 .ARM.attributes
                0x000000000000041b       0x34 c:/st/stm32cubeide_1.7.0/stm32cubeide/plugins/com.st.stm32cube.ide.mcu.externaltools.gnu-tools-for-stm32.9-2020-q2-update.win32_2.0.0.202105311346/tools/bin/../lib/gcc/arm-none-eabi/9.3.1/../../../../arm-none-eabi/lib/thumb/v7e-m+fp/hard\libc_nano.a(lib_a-memset.o)
 .ARM.attributes
                0x000000000000044f       0x1e c:/st/stm32cubeide_1.7.0/stm32cubeide/plugins/com.st.stm32cube.ide.mcu.externaltools.gnu-tools-for-stm32.9-2020-q2-update.win32_2.0.0.202105311346/tools/bin/../lib/gcc/arm-none-eabi/9.3.1/thumb/v7e-m+fp/hard/crtn.o
OUTPUT(TrafficLight.elf elf32-littlearm)
LOAD linker stubs
LOAD c:/st/stm32cubeide_1.7.0/stm32cubeide/plugins/com.st.stm32cube.ide.mcu.externaltools.gnu-tools-for-stm32.9-2020-q2-update.win32_2.0.0.202105311346/tools/bin/../lib/gcc/arm-none-eabi/9.3.1/../../../../arm-none-eabi/lib/thumb/v7e-m+fp/hard\libc.a
LOAD c:/st/stm32cubeide_1.7.0/stm32cubeide/plugins/com.st.stm32cube.ide.mcu.externaltools.gnu-tools-for-stm32.9-2020-q2-update.win32_2.0.0.202105311346/tools/bin/../lib/gcc/arm-none-eabi/9.3.1/../../../../arm-none-eabi/lib/thumb/v7e-m+fp/hard\libm.a
LOAD c:/st/stm32cubeide_1.7.0/stm32cubeide/plugins/com.st.stm32cube.ide.mcu.externaltools.gnu-tools-for-stm32.9-2020-q2-update.win32_2.0.0.202105311346/tools/bin/../lib/gcc/arm-none-eabi/9.3.1/thumb/v7e-m+fp/hard\libgcc.a

.debug_info     0x0000000000000000     0x9d3a
 .debug_info    0x0000000000000000      0x62b ./Core/Src/BlinkingTrafficLight.o
 .debug_info    0x000000000000062b      0x78e ./Core/Src/Controller.o
 .debug_info    0x0000000000000db9      0x62b ./Core/Src/ItalianTrafficLight.o
 .debug_info    0x00000000000013e4      0x596 ./Core/Src/LightController.o
 .debug_info    0x000000000000197a      0x4f3 ./Core/Src/PhaseController.o
 .debug_info    0x0000000000001e6d      0x45c ./Core/Src/Timer.o
 .debug_info    0x00000000000022c9      0xd87 ./Core/Src/main.o
 .debug_info    0x0000000000003050      0x545 ./Core/Src/stm32l4xx_hal_msp.o
 .debug_info    0x0000000000003595      0x373 ./Core/Src/stm32l4xx_it.o
 .debug_info    0x0000000000003908      0x779 ./Core/Src/system_stm32l4xx.o
 .debug_info    0x0000000000004081       0x22 ./Core/Startup/startup_stm32l475vgtx.o
 .debug_info    0x00000000000040a3      0xcb3 ./Drivers/STM32L4xx_HAL_Driver/Src/stm32l4xx_hal.o
 .debug_info    0x0000000000004d56     0x1028 ./Drivers/STM32L4xx_HAL_Driver/Src/stm32l4xx_hal_cortex.o
 .debug_info    0x0000000000005d7e      0xa5f ./Drivers/STM32L4xx_HAL_Driver/Src/stm32l4xx_hal_gpio.o
 .debug_info    0x00000000000067dd      0xb39 ./Drivers/STM32L4xx_HAL_Driver/Src/stm32l4xx_hal_pwr.o
 .debug_info    0x0000000000007316      0xbda ./Drivers/STM32L4xx_HAL_Driver/Src/stm32l4xx_hal_pwr_ex.o
 .debug_info    0x0000000000007ef0      0xe0b ./Drivers/STM32L4xx_HAL_Driver/Src/stm32l4xx_hal_rcc.o
 .debug_info    0x0000000000008cfb     0x103f ./Drivers/STM32L4xx_HAL_Driver/Src/stm32l4xx_hal_rcc_ex.o

.debug_abbrev   0x0000000000000000     0x2169
 .debug_abbrev  0x0000000000000000      0x1f3 ./Core/Src/BlinkingTrafficLight.o
 .debug_abbrev  0x00000000000001f3      0x1f2 ./Core/Src/Controller.o
 .debug_abbrev  0x00000000000003e5      0x1f3 ./Core/Src/ItalianTrafficLight.o
 .debug_abbrev  0x00000000000005d8      0x1db ./Core/Src/LightController.o
 .debug_abbrev  0x00000000000007b3      0x20b ./Core/Src/PhaseController.o
 .debug_abbrev  0x00000000000009be      0x1cd ./Core/Src/Timer.o
 .debug_abbrev  0x0000000000000b8b      0x272 ./Core/Src/main.o
 .debug_abbrev  0x0000000000000dfd      0x13d ./Core/Src/stm32l4xx_hal_msp.o
 .debug_abbrev  0x0000000000000f3a       0xf2 ./Core/Src/stm32l4xx_it.o
 .debug_abbrev  0x000000000000102c      0x165 ./Core/Src/system_stm32l4xx.o
 .debug_abbrev  0x0000000000001191       0x12 ./Core/Startup/startup_stm32l475vgtx.o
 .debug_abbrev  0x00000000000011a3      0x227 ./Drivers/STM32L4xx_HAL_Driver/Src/stm32l4xx_hal.o
 .debug_abbrev  0x00000000000013ca      0x33c ./Drivers/STM32L4xx_HAL_Driver/Src/stm32l4xx_hal_cortex.o
 .debug_abbrev  0x0000000000001706      0x1e8 ./Drivers/STM32L4xx_HAL_Driver/Src/stm32l4xx_hal_gpio.o
 .debug_abbrev  0x00000000000018ee      0x1ab ./Drivers/STM32L4xx_HAL_Driver/Src/stm32l4xx_hal_pwr.o
 .debug_abbrev  0x0000000000001a99      0x1f3 ./Drivers/STM32L4xx_HAL_Driver/Src/stm32l4xx_hal_pwr_ex.o
 .debug_abbrev  0x0000000000001c8c      0x275 ./Drivers/STM32L4xx_HAL_Driver/Src/stm32l4xx_hal_rcc.o
 .debug_abbrev  0x0000000000001f01      0x268 ./Drivers/STM32L4xx_HAL_Driver/Src/stm32l4xx_hal_rcc_ex.o

.debug_aranges  0x0000000000000000      0x828
 .debug_aranges
                0x0000000000000000       0x38 ./Core/Src/BlinkingTrafficLight.o
 .debug_aranges
                0x0000000000000038       0x38 ./Core/Src/Controller.o
 .debug_aranges
                0x0000000000000070       0x38 ./Core/Src/ItalianTrafficLight.o
 .debug_aranges
                0x00000000000000a8       0x40 ./Core/Src/LightController.o
 .debug_aranges
                0x00000000000000e8       0x30 ./Core/Src/PhaseController.o
 .debug_aranges
                0x0000000000000118       0x38 ./Core/Src/Timer.o
 .debug_aranges
                0x0000000000000150       0x38 ./Core/Src/main.o
 .debug_aranges
                0x0000000000000188       0x20 ./Core/Src/stm32l4xx_hal_msp.o
 .debug_aranges
                0x00000000000001a8       0x60 ./Core/Src/stm32l4xx_it.o
 .debug_aranges
                0x0000000000000208       0x28 ./Core/Src/system_stm32l4xx.o
 .debug_aranges
                0x0000000000000230       0x28 ./Core/Startup/startup_stm32l475vgtx.o
 .debug_aranges
                0x0000000000000258      0x130 ./Drivers/STM32L4xx_HAL_Driver/Src/stm32l4xx_hal.o
 .debug_aranges
                0x0000000000000388      0x118 ./Drivers/STM32L4xx_HAL_Driver/Src/stm32l4xx_hal_cortex.o
 .debug_aranges
                0x00000000000004a0       0x58 ./Drivers/STM32L4xx_HAL_Driver/Src/stm32l4xx_hal_gpio.o
 .debug_aranges
                0x00000000000004f8       0x98 ./Drivers/STM32L4xx_HAL_Driver/Src/stm32l4xx_hal_pwr.o
 .debug_aranges
                0x0000000000000590      0x150 ./Drivers/STM32L4xx_HAL_Driver/Src/stm32l4xx_hal_pwr_ex.o
 .debug_aranges
                0x00000000000006e0       0x88 ./Drivers/STM32L4xx_HAL_Driver/Src/stm32l4xx_hal_rcc.o
 .debug_aranges
                0x0000000000000768       0xc0 ./Drivers/STM32L4xx_HAL_Driver/Src/stm32l4xx_hal_rcc_ex.o

.debug_ranges   0x0000000000000000      0x710
 .debug_ranges  0x0000000000000000       0x28 ./Core/Src/BlinkingTrafficLight.o
 .debug_ranges  0x0000000000000028       0x28 ./Core/Src/Controller.o
 .debug_ranges  0x0000000000000050       0x28 ./Core/Src/ItalianTrafficLight.o
 .debug_ranges  0x0000000000000078       0x30 ./Core/Src/LightController.o
 .debug_ranges  0x00000000000000a8       0x20 ./Core/Src/PhaseController.o
 .debug_ranges  0x00000000000000c8       0x28 ./Core/Src/Timer.o
 .debug_ranges  0x00000000000000f0       0x28 ./Core/Src/main.o
 .debug_ranges  0x0000000000000118       0x10 ./Core/Src/stm32l4xx_hal_msp.o
 .debug_ranges  0x0000000000000128       0x50 ./Core/Src/stm32l4xx_it.o
 .debug_ranges  0x0000000000000178       0x18 ./Core/Src/system_stm32l4xx.o
 .debug_ranges  0x0000000000000190       0x20 ./Core/Startup/startup_stm32l475vgtx.o
 .debug_ranges  0x00000000000001b0      0x120 ./Drivers/STM32L4xx_HAL_Driver/Src/stm32l4xx_hal.o
 .debug_ranges  0x00000000000002d0      0x108 ./Drivers/STM32L4xx_HAL_Driver/Src/stm32l4xx_hal_cortex.o
 .debug_ranges  0x00000000000003d8       0x48 ./Drivers/STM32L4xx_HAL_Driver/Src/stm32l4xx_hal_gpio.o
 .debug_ranges  0x0000000000000420       0x88 ./Drivers/STM32L4xx_HAL_Driver/Src/stm32l4xx_hal_pwr.o
 .debug_ranges  0x00000000000004a8      0x140 ./Drivers/STM32L4xx_HAL_Driver/Src/stm32l4xx_hal_pwr_ex.o
 .debug_ranges  0x00000000000005e8       0x78 ./Drivers/STM32L4xx_HAL_Driver/Src/stm32l4xx_hal_rcc.o
 .debug_ranges  0x0000000000000660       0xb0 ./Drivers/STM32L4xx_HAL_Driver/Src/stm32l4xx_hal_rcc_ex.o

.debug_macro    0x0000000000000000    0x26c9f
 .debug_macro   0x0000000000000000      0x1d6 ./Core/Src/BlinkingTrafficLight.o
 .debug_macro   0x00000000000001d6      0xb80 ./Core/Src/BlinkingTrafficLight.o
 .debug_macro   0x0000000000000d56      0x1a1 ./Core/Src/BlinkingTrafficLight.o
 .debug_macro   0x0000000000000ef7       0x2e ./Core/Src/BlinkingTrafficLight.o
 .debug_macro   0x0000000000000f25       0x28 ./Core/Src/BlinkingTrafficLight.o
 .debug_macro   0x0000000000000f4d       0x1c ./Core/Src/BlinkingTrafficLight.o
 .debug_macro   0x0000000000000f69       0x22 ./Core/Src/BlinkingTrafficLight.o
 .debug_macro   0x0000000000000f8b       0x8e ./Core/Src/BlinkingTrafficLight.o
 .debug_macro   0x0000000000001019       0x51 ./Core/Src/BlinkingTrafficLight.o
 .debug_macro   0x000000000000106a      0x103 ./Core/Src/BlinkingTrafficLight.o
 .debug_macro   0x000000000000116d       0x6a ./Core/Src/BlinkingTrafficLight.o
 .debug_macro   0x00000000000011d7      0x1df ./Core/Src/BlinkingTrafficLight.o
 .debug_macro   0x00000000000013b6       0x1c ./Core/Src/BlinkingTrafficLight.o
 .debug_macro   0x00000000000013d2       0x22 ./Core/Src/BlinkingTrafficLight.o
 .debug_macro   0x00000000000013f4      0x101 ./Core/Src/BlinkingTrafficLight.o
 .debug_macro   0x00000000000014f5     0x1011 ./Core/Src/BlinkingTrafficLight.o
 .debug_macro   0x0000000000002506      0x11f ./Core/Src/BlinkingTrafficLight.o
 .debug_macro   0x0000000000002625    0x19db6 ./Core/Src/BlinkingTrafficLight.o
 .debug_macro   0x000000000001c3db       0x43 ./Core/Src/BlinkingTrafficLight.o
 .debug_macro   0x000000000001c41e     0x3897 ./Core/Src/BlinkingTrafficLight.o
 .debug_macro   0x000000000001fcb5      0x17b ./Core/Src/BlinkingTrafficLight.o
 .debug_macro   0x000000000001fe30       0x5c ./Core/Src/BlinkingTrafficLight.o
 .debug_macro   0x000000000001fe8c     0x1519 ./Core/Src/BlinkingTrafficLight.o
 .debug_macro   0x00000000000213a5      0x59e ./Core/Src/BlinkingTrafficLight.o
 .debug_macro   0x0000000000021943      0x13d ./Core/Src/BlinkingTrafficLight.o
 .debug_macro   0x0000000000021a80      0x17d ./Core/Src/BlinkingTrafficLight.o
 .debug_macro   0x0000000000021bfd      0x26b ./Core/Src/BlinkingTrafficLight.o
 .debug_macro   0x0000000000021e68      0x23d ./Core/Src/BlinkingTrafficLight.o
 .debug_macro   0x00000000000220a5      0x241 ./Core/Src/BlinkingTrafficLight.o
 .debug_macro   0x00000000000222e6      0x37c ./Core/Src/BlinkingTrafficLight.o
 .debug_macro   0x0000000000022662       0xd6 ./Core/Src/BlinkingTrafficLight.o
 .debug_macro   0x0000000000022738      0x22c ./Core/Src/BlinkingTrafficLight.o
 .debug_macro   0x0000000000022964       0x61 ./Core/Src/BlinkingTrafficLight.o
 .debug_macro   0x00000000000229c5       0xa5 ./Core/Src/BlinkingTrafficLight.o
 .debug_macro   0x0000000000022a6a      0x122 ./Core/Src/BlinkingTrafficLight.o
 .debug_macro   0x0000000000022b8c      0x3e9 ./Core/Src/BlinkingTrafficLight.o
 .debug_macro   0x0000000000022f75      0x331 ./Core/Src/BlinkingTrafficLight.o
 .debug_macro   0x00000000000232a6       0x28 ./Core/Src/BlinkingTrafficLight.o
 .debug_macro   0x00000000000232ce       0x16 ./Core/Src/BlinkingTrafficLight.o
 .debug_macro   0x00000000000232e4      0x1e8 ./Core/Src/Controller.o
 .debug_macro   0x00000000000234cc       0x22 ./Core/Src/Controller.o
 .debug_macro   0x00000000000234ee       0x10 ./Core/Src/Controller.o
 .debug_macro   0x00000000000234fe      0x1d6 ./Core/Src/ItalianTrafficLight.o
 .debug_macro   0x00000000000236d4      0x1c9 ./Core/Src/LightController.o
 .debug_macro   0x000000000002389d      0x1c9 ./Core/Src/PhaseController.o
 .debug_macro   0x0000000000023a66      0x1c9 ./Core/Src/Timer.o
 .debug_macro   0x0000000000023c2f      0x1f0 ./Core/Src/main.o
 .debug_macro   0x0000000000023e1f      0x1c0 ./Core/Src/stm32l4xx_hal_msp.o
 .debug_macro   0x0000000000023fdf      0xaa8 ./Core/Src/stm32l4xx_hal_msp.o
 .debug_macro   0x0000000000024a87     0x1011 ./Core/Src/stm32l4xx_hal_msp.o
 .debug_macro   0x0000000000025a98      0x174 ./Core/Src/stm32l4xx_hal_msp.o
 .debug_macro   0x0000000000025c0c      0x1ca ./Core/Src/stm32l4xx_it.o
 .debug_macro   0x0000000000025dd6      0x1b1 ./Core/Src/system_stm32l4xx.o
 .debug_macro   0x0000000000025f87      0x1ff ./Drivers/STM32L4xx_HAL_Driver/Src/stm32l4xx_hal.o
 .debug_macro   0x0000000000026186      0x1b1 ./Drivers/STM32L4xx_HAL_Driver/Src/stm32l4xx_hal_cortex.o
 .debug_macro   0x0000000000026337      0x1f0 ./Drivers/STM32L4xx_HAL_Driver/Src/stm32l4xx_hal_gpio.o
 .debug_macro   0x0000000000026527      0x1c9 ./Drivers/STM32L4xx_HAL_Driver/Src/stm32l4xx_hal_pwr.o
 .debug_macro   0x00000000000266f0      0x1d5 ./Drivers/STM32L4xx_HAL_Driver/Src/stm32l4xx_hal_pwr_ex.o
 .debug_macro   0x00000000000268c5      0x1f3 ./Drivers/STM32L4xx_HAL_Driver/Src/stm32l4xx_hal_rcc.o
 .debug_macro   0x0000000000026ab8      0x1e7 ./Drivers/STM32L4xx_HAL_Driver/Src/stm32l4xx_hal_rcc_ex.o

.debug_line     0x0000000000000000     0xa2cb
 .debug_line    0x0000000000000000      0x76d ./Core/Src/BlinkingTrafficLight.o
 .debug_line    0x000000000000076d      0x779 ./Core/Src/Controller.o
 .debug_line    0x0000000000000ee6      0x78a ./Core/Src/ItalianTrafficLight.o
 .debug_line    0x0000000000001670      0x745 ./Core/Src/LightController.o
 .debug_line    0x0000000000001db5      0x700 ./Core/Src/PhaseController.o
 .debug_line    0x00000000000024b5      0x6fc ./Core/Src/Timer.o
 .debug_line    0x0000000000002bb1      0x80f ./Core/Src/main.o
 .debug_line    0x00000000000033c0      0x695 ./Core/Src/stm32l4xx_hal_msp.o
 .debug_line    0x0000000000003a55      0x757 ./Core/Src/stm32l4xx_it.o
 .debug_line    0x00000000000041ac      0x745 ./Core/Src/system_stm32l4xx.o
 .debug_line    0x00000000000048f1       0x87 ./Core/Startup/startup_stm32l475vgtx.o
 .debug_line    0x0000000000004978      0xa84 ./Drivers/STM32L4xx_HAL_Driver/Src/stm32l4xx_hal.o
 .debug_line    0x00000000000053fc      0xc2b ./Drivers/STM32L4xx_HAL_Driver/Src/stm32l4xx_hal_cortex.o
 .debug_line    0x0000000000006027      0xafe ./Drivers/STM32L4xx_HAL_Driver/Src/stm32l4xx_hal_gpio.o
 .debug_line    0x0000000000006b25      0x861 ./Drivers/STM32L4xx_HAL_Driver/Src/stm32l4xx_hal_pwr.o
 .debug_line    0x0000000000007386      0xc40 ./Drivers/STM32L4xx_HAL_Driver/Src/stm32l4xx_hal_pwr_ex.o
 .debug_line    0x0000000000007fc6      0xec8 ./Drivers/STM32L4xx_HAL_Driver/Src/stm32l4xx_hal_rcc.o
 .debug_line    0x0000000000008e8e     0x143d ./Drivers/STM32L4xx_HAL_Driver/Src/stm32l4xx_hal_rcc_ex.o

.debug_str      0x0000000000000000    0xdf9fc
 .debug_str     0x0000000000000000    0xdce67 ./Core/Src/BlinkingTrafficLight.o
                                      0xdd1ac (size before relaxing)
 .debug_str     0x00000000000dce67      0x222 ./Core/Src/Controller.o
                                      0xdd361 (size before relaxing)
 .debug_str     0x00000000000dd089       0x59 ./Core/Src/ItalianTrafficLight.o
                                      0xdd1bb (size before relaxing)
 .debug_str     0x00000000000dd0e2       0x7d ./Core/Src/LightController.o
                                      0xdd043 (size before relaxing)
 .debug_str     0x00000000000dd15f       0xca ./Core/Src/PhaseController.o
                                      0xdcfc8 (size before relaxing)
 .debug_str     0x00000000000dd229       0x2e ./Core/Src/Timer.o
                                      0xdcf34 (size before relaxing)
 .debug_str     0x00000000000dd257      0x392 ./Core/Src/main.o
                                      0xdd80a (size before relaxing)
 .debug_str     0x00000000000dd5e9      0x1e3 ./Core/Src/stm32l4xx_hal_msp.o
                                      0xdcb31 (size before relaxing)
 .debug_str     0x00000000000dd7cc       0xbd ./Core/Src/stm32l4xx_it.o
                                      0xdca72 (size before relaxing)
 .debug_str     0x00000000000dd889       0xb8 ./Core/Src/system_stm32l4xx.o
                                      0xdcb1b (size before relaxing)
 .debug_str     0x00000000000dd941       0x36 ./Core/Startup/startup_stm32l475vgtx.o
                                         0x75 (size before relaxing)
 .debug_str     0x00000000000dd977      0x9df ./Drivers/STM32L4xx_HAL_Driver/Src/stm32l4xx_hal.o
                                      0xdd611 (size before relaxing)
 .debug_str     0x00000000000de356      0x395 ./Drivers/STM32L4xx_HAL_Driver/Src/stm32l4xx_hal_cortex.o
                                      0xdd381 (size before relaxing)
 .debug_str     0x00000000000de6eb      0x22d ./Drivers/STM32L4xx_HAL_Driver/Src/stm32l4xx_hal_gpio.o
                                      0xdcdb5 (size before relaxing)
 .debug_str     0x00000000000de918      0x2f1 ./Drivers/STM32L4xx_HAL_Driver/Src/stm32l4xx_hal_pwr.o
                                      0xdce4d (size before relaxing)
 .debug_str     0x00000000000dec09      0x43e ./Drivers/STM32L4xx_HAL_Driver/Src/stm32l4xx_hal_pwr_ex.o
                                      0xdd051 (size before relaxing)
 .debug_str     0x00000000000df047      0x3b5 ./Drivers/STM32L4xx_HAL_Driver/Src/stm32l4xx_hal_rcc.o
                                      0xdd0f8 (size before relaxing)
 .debug_str     0x00000000000df3fc      0x600 ./Drivers/STM32L4xx_HAL_Driver/Src/stm32l4xx_hal_rcc_ex.o
                                      0xdd289 (size before relaxing)

.comment        0x0000000000000000       0x53
 .comment       0x0000000000000000       0x53 ./Core/Src/BlinkingTrafficLight.o
                                         0x54 (size before relaxing)
 .comment       0x0000000000000053       0x54 ./Core/Src/Controller.o
 .comment       0x0000000000000053       0x54 ./Core/Src/ItalianTrafficLight.o
 .comment       0x0000000000000053       0x54 ./Core/Src/LightController.o
 .comment       0x0000000000000053       0x54 ./Core/Src/PhaseController.o
 .comment       0x0000000000000053       0x54 ./Core/Src/Timer.o
 .comment       0x0000000000000053       0x54 ./Core/Src/main.o
 .comment       0x0000000000000053       0x54 ./Core/Src/stm32l4xx_hal_msp.o
 .comment       0x0000000000000053       0x54 ./Core/Src/stm32l4xx_it.o
 .comment       0x0000000000000053       0x54 ./Core/Src/system_stm32l4xx.o
 .comment       0x0000000000000053       0x54 ./Drivers/STM32L4xx_HAL_Driver/Src/stm32l4xx_hal.o
 .comment       0x0000000000000053       0x54 ./Drivers/STM32L4xx_HAL_Driver/Src/stm32l4xx_hal_cortex.o
 .comment       0x0000000000000053       0x54 ./Drivers/STM32L4xx_HAL_Driver/Src/stm32l4xx_hal_gpio.o
 .comment       0x0000000000000053       0x54 ./Drivers/STM32L4xx_HAL_Driver/Src/stm32l4xx_hal_pwr.o
 .comment       0x0000000000000053       0x54 ./Drivers/STM32L4xx_HAL_Driver/Src/stm32l4xx_hal_pwr_ex.o
 .comment       0x0000000000000053       0x54 ./Drivers/STM32L4xx_HAL_Driver/Src/stm32l4xx_hal_rcc.o
 .comment       0x0000000000000053       0x54 ./Drivers/STM32L4xx_HAL_Driver/Src/stm32l4xx_hal_rcc_ex.o

.debug_frame    0x0000000000000000     0x1d40
 .debug_frame   0x0000000000000000       0xac ./Core/Src/BlinkingTrafficLight.o
 .debug_frame   0x00000000000000ac       0xa4 ./Core/Src/Controller.o
 .debug_frame   0x0000000000000150       0xac ./Core/Src/ItalianTrafficLight.o
 .debug_frame   0x00000000000001fc       0xc8 ./Core/Src/LightController.o
 .debug_frame   0x00000000000002c4       0x84 ./Core/Src/PhaseController.o
 .debug_frame   0x0000000000000348       0xa8 ./Core/Src/Timer.o
 .debug_frame   0x00000000000003f0       0x90 ./Core/Src/main.o
 .debug_frame   0x0000000000000480       0x38 ./Core/Src/stm32l4xx_hal_msp.o
 .debug_frame   0x00000000000004b8      0x104 ./Core/Src/stm32l4xx_it.o
 .debug_frame   0x00000000000005bc       0x58 ./Core/Src/system_stm32l4xx.o
 .debug_frame   0x0000000000000614      0x498 ./Drivers/STM32L4xx_HAL_Driver/Src/stm32l4xx_hal.o
 .debug_frame   0x0000000000000aac      0x498 ./Drivers/STM32L4xx_HAL_Driver/Src/stm32l4xx_hal_cortex.o
 .debug_frame   0x0000000000000f44      0x14c ./Drivers/STM32L4xx_HAL_Driver/Src/stm32l4xx_hal_gpio.o
 .debug_frame   0x0000000000001090      0x230 ./Drivers/STM32L4xx_HAL_Driver/Src/stm32l4xx_hal_pwr.o
 .debug_frame   0x00000000000012c0      0x544 ./Drivers/STM32L4xx_HAL_Driver/Src/stm32l4xx_hal_pwr_ex.o
 .debug_frame   0x0000000000001804      0x1f4 ./Drivers/STM32L4xx_HAL_Driver/Src/stm32l4xx_hal_rcc.o
 .debug_frame   0x00000000000019f8      0x2fc ./Drivers/STM32L4xx_HAL_Driver/Src/stm32l4xx_hal_rcc_ex.o
 .debug_frame   0x0000000000001cf4       0x2c c:/st/stm32cubeide_1.7.0/stm32cubeide/plugins/com.st.stm32cube.ide.mcu.externaltools.gnu-tools-for-stm32.9-2020-q2-update.win32_2.0.0.202105311346/tools/bin/../lib/gcc/arm-none-eabi/9.3.1/../../../../arm-none-eabi/lib/thumb/v7e-m+fp/hard\libc_nano.a(lib_a-init.o)
 .debug_frame   0x0000000000001d20       0x20 c:/st/stm32cubeide_1.7.0/stm32cubeide/plugins/com.st.stm32cube.ide.mcu.externaltools.gnu-tools-for-stm32.9-2020-q2-update.win32_2.0.0.202105311346/tools/bin/../lib/gcc/arm-none-eabi/9.3.1/../../../../arm-none-eabi/lib/thumb/v7e-m+fp/hard\libc_nano.a(lib_a-memset.o)
